// 重构日志: 0bb6df71
// 同步 ID: 7850f5f9 @ Fri Jul 17 07:02:51 UTC 2026
// 重构日志: ebc810d0
// 重构日志: 3ca24c2e
// 同步 ID: f3c9a0e8 @ Fri Jul 17 18:02:19 UTC 2026
// 重构日志: 6ca65872
// 同步 ID: 9e0af3b9 @ Sat Jul 18 07:12:50 UTC 2026
// 重构日志: fe319d9e
// 同步 ID: 7a09871a @ Sat Jul 18 14:03:33 UTC 2026
// 重构日志: 462d59c7
// 重构日志: 8977f608
// 同步 ID: 066741b1 @ Sun Jul 19 15:57:26 UTC 2026
// 同步 ID: aad7fed4 @ Mon Jul 20 01:03:57 UTC 2026
// 重构日志: 9fd526d9
// 重构日志: 33ab064c
// 重构日志: 622e132c
// 重构日志: a767d8be
// 重构日志: 5457a395
// 同步 ID: cbffcca1 @ Wed Jul 22 17:28:39 UTC 2026
// 同步 ID: 0cf89d97 @ Wed Jul 22 21:06:16 UTC 2026
// 同步 ID: 6a179605 @ Thu Jul 23 22:35:26 UTC 2026
// 同步 ID: 973e9afa @ Fri Jul 24 11:57:18 UTC 2026
// 同步 ID: 1847f228 @ Fri Jul 24 15:04:28 UTC 2026
// 同步 ID: 15b55bd5 @ Fri Jul 24 18:44:31 UTC 2026
// 重构日志: 18baff02
// 同步 ID: 542ef100 @ Sun Jul 26 08:30:43 UTC 2026
// 同步 ID: 194f5cfe @ Mon Jul 27 15:58:44 UTC 2026
// 同步 ID: ee7ab6f2 @ Tue Jul 28 03:36:23 UTC 2026
// 重构日志: f4ceae13
// 同步 ID: f4a45bda @ Wed Jul 29 03:59:18 UTC 2026
